[generate-1d-mesh] INFO - Parse arguments ...
[generate-1d-mesh] INFO - Model order: 0
[generate-1d-mesh] INFO - Centerlines input file: /Users/natalia/Desktop/CCO_bif_gen/CCO_DATA/simulation_data11/centerlines/centerlines.vtp
[generate-1d-mesh] INFO - Compute centerlines: False
[generate-1d-mesh] INFO - Density: 1.060000
[generate-1d-mesh] INFO - Element size: 0.100000
[generate-1d-mesh] INFO - Inflow input file: /Users/natalia/Desktop/CCO_bif_gen/CCO_DATA/simulation_data11/rom/zeroDinflow_rom.flow
[generate-1d-mesh] INFO - Material model: OLUFSEN
[generate-1d-mesh] INFO - Minimum number of finite elements per segment: 5
[generate-1d-mesh] INFO - Model name: CCO_11_0D
[generate-1d-mesh] INFO - Model order: 0
[generate-1d-mesh] INFO - Number of time steps: 1000
[generate-1d-mesh] INFO - Olufsen material parameter k1: 20000000.000000
[generate-1d-mesh] INFO - Olufsen material parameter k2: -22.526700
[generate-1d-mesh] INFO - Olufsen material parameter k3: 865000.000000
[generate-1d-mesh] INFO - Olufsen material parameter exponent: 1.100000
[generate-1d-mesh] INFO - Olufsen material parameter pressure: 1133240.000000
[generate-1d-mesh] INFO - Outflow bc file: /Users/natalia/Desktop/CCO_bif_gen/CCO_DATA/simulation_data11/rom/zeroD
[generate-1d-mesh] INFO - Outflow bc type: ['resistance.dat']
[generate-1d-mesh] INFO - Outlet face names file: '/Users/natalia/Desktop/CCO_bif_gen/CCO_DATA/simulation_data11/rom/zeroD/outlet_face_names.dat'.
[generate-1d-mesh] INFO - Minimum number of sub-segments per master-segment: 1
[generate-1d-mesh] INFO - Sub-segment size in vessel master-segment: 9999
[generate-1d-mesh] INFO - Sub-segment size is adaptive: 0
[generate-1d-mesh] INFO - Save data frequency: 20
[generate-1d-mesh] INFO - Solver output file: solver_0d.json
[generate-1d-mesh] INFO - Simulation time step: 0.001000
[generate-1d-mesh] INFO - Uniform boundary conditions: False
[generate-1d-mesh] INFO - Units: cm
[generate-1d-mesh] INFO - Viscosity: 0.040000
[generate-1d-mesh] INFO - Wall properties are uniform.
[generate-1d-mesh] INFO - Read centerlines from the file: /Users/natalia/Desktop/CCO_bif_gen/CCO_DATA/simulation_data11/centerlines/centerlines.vtp
[generate-1d-mesh] INFO -    Number of points: 898 
[generate-1d-mesh] INFO -    Number of cells: 897 
[generate-1d-mesh] INFO -    Number of arrays: 0
[generate-1d-mesh] INFO - Generate the 1D mesh ...
[generate-1d-mesh] INFO - Read model outlet face names from: /Users/natalia/Desktop/CCO_bif_gen/CCO_DATA/simulation_data11/rom/zeroD/outlet_face_names.dat
[generate-1d-mesh] INFO - Number of model outlet faces names: 2
[generate-1d-mesh] INFO - Outlet face names: ['3', '4']
[generate-1d-mesh] INFO - Number of centerline branches: 3
[generate-1d-mesh] INFO - Number of centerline bifurcations: 1
[generate-1d-mesh] INFO - Number of svOneDSolver branches: 9
[generate-1d-mesh] INFO - Number of svOneDSolver joints: 7
[generate-1d-mesh] INFO - Set variable outflow boundary conditions ...
[generate-1d-mesh] INFO - Surface 3 boundary condition type resistance
[generate-1d-mesh] INFO - Surface 4 boundary condition type resistance
[generate-1d-mesh] INFO - Read inflow BC ...
[generate-1d-mesh] INFO - Generated 9 segments, 21 nodes and 9 elements.
[generate-1d-mesh] INFO - Parse arguments ...
[generate-1d-mesh] INFO - Model order: 1
[generate-1d-mesh] INFO - Centerlines input file: /Users/natalia/Desktop/CCO_bif_gen/CCO_DATA/simulation_data11/centerlines/centerlines.vtp
[generate-1d-mesh] INFO - Compute centerlines: False
[generate-1d-mesh] INFO - Density: 1.060000
[generate-1d-mesh] INFO - Element size: 0.100000
[generate-1d-mesh] INFO - Inflow input file: /Users/natalia/Desktop/CCO_bif_gen/CCO_DATA/simulation_data11/rom/oneDinflow_rom.flow
[generate-1d-mesh] INFO - Material model: OLUFSEN
[generate-1d-mesh] INFO - Minimum number of finite elements per segment: 5
[generate-1d-mesh] INFO - Model name: CCO_11_1D
[generate-1d-mesh] INFO - Model order: 1
[generate-1d-mesh] INFO - Number of time steps: 1000
[generate-1d-mesh] INFO - Olufsen material parameter k1: 20000000.000000
[generate-1d-mesh] INFO - Olufsen material parameter k2: -22.526700
[generate-1d-mesh] INFO - Olufsen material parameter k3: 865000.000000
[generate-1d-mesh] INFO - Olufsen material parameter exponent: 1.100000
[generate-1d-mesh] INFO - Olufsen material parameter pressure: 1133240.000000
[generate-1d-mesh] INFO - Outflow bc file: /Users/natalia/Desktop/CCO_bif_gen/CCO_DATA/simulation_data11/rom/oneD
[generate-1d-mesh] INFO - Outflow bc type: ['resistance.dat']
[generate-1d-mesh] INFO - Outlet face names file: '/Users/natalia/Desktop/CCO_bif_gen/CCO_DATA/simulation_data11/rom/oneD/outlet_face_names.dat'.
[generate-1d-mesh] INFO - Minimum number of sub-segments per master-segment: 1
[generate-1d-mesh] INFO - Sub-segment size in vessel master-segment: 9999
[generate-1d-mesh] INFO - Sub-segment size is adaptive: 0
[generate-1d-mesh] INFO - Save data frequency: 20
[generate-1d-mesh] INFO - Solver output file: solver_1d.in
[generate-1d-mesh] INFO - Simulation time step: 0.001000
[generate-1d-mesh] INFO - Uniform boundary conditions: False
[generate-1d-mesh] INFO - Units: cm
[generate-1d-mesh] INFO - Viscosity: 0.040000
[generate-1d-mesh] INFO - Wall properties are uniform.
[generate-1d-mesh] INFO - Read centerlines from the file: /Users/natalia/Desktop/CCO_bif_gen/CCO_DATA/simulation_data11/centerlines/centerlines.vtp
[generate-1d-mesh] INFO -    Number of points: 898 
[generate-1d-mesh] INFO -    Number of cells: 897 
[generate-1d-mesh] INFO -    Number of arrays: 0
[generate-1d-mesh] INFO - Generate the 1D mesh ...
[generate-1d-mesh] INFO - Read model outlet face names from: /Users/natalia/Desktop/CCO_bif_gen/CCO_DATA/simulation_data11/rom/oneD/outlet_face_names.dat
[generate-1d-mesh] INFO - Number of model outlet faces names: 2
[generate-1d-mesh] INFO - Outlet face names: ['3', '4']
[generate-1d-mesh] INFO - Number of centerline branches: 3
[generate-1d-mesh] INFO - Number of centerline bifurcations: 1
[generate-1d-mesh] INFO - Number of svOneDSolver branches: 9
[generate-1d-mesh] INFO - Number of svOneDSolver joints: 7
[generate-1d-mesh] INFO - Set variable outflow boundary conditions ...
[generate-1d-mesh] INFO - Surface 3 boundary condition type resistance
[generate-1d-mesh] INFO - Surface 4 boundary condition type resistance
[generate-1d-mesh] INFO - Read inflow BC ...
[generate-1d-mesh] INFO - Write solver file.
[generate-1d-mesh] INFO - Write solver segment section ...
[generate-1d-mesh] INFO - Uniform BC: False
[generate-1d-mesh] INFO - Outflow BC: resistance
[generate-1d-mesh] INFO - Generated 9 segments, 21 nodes and 45 elements.
