[generate-1d-mesh] INFO - Parse arguments ...
[generate-1d-mesh] INFO - Model order: 0
[generate-1d-mesh] INFO - Centerlines input file: trees/geo_files/tree_20/tree_20_flow_150/centerlines/centerlines.vtp
[generate-1d-mesh] INFO - Compute centerlines: False
[generate-1d-mesh] INFO - Density: 1.060000
[generate-1d-mesh] INFO - Element size: 0.100000
[generate-1d-mesh] INFO - Inflow input file: trees/zerod_input/standard/tree_20/tree_20_flow_150tree_20_flow_150_inflow_0D.flow
[generate-1d-mesh] INFO - Material model: OLUFSEN
[generate-1d-mesh] INFO - Minimum number of finite elements per segment: 5
[generate-1d-mesh] INFO - Model name: tree_20_flow_150
[generate-1d-mesh] INFO - Model order: 0
[generate-1d-mesh] INFO - Number of time steps: 10
[generate-1d-mesh] INFO - Olufsen material parameter k1: 20000000.000000
[generate-1d-mesh] INFO - Olufsen material parameter k2: -22.526700
[generate-1d-mesh] INFO - Olufsen material parameter k3: 865000.000000
[generate-1d-mesh] INFO - Olufsen material parameter exponent: 1.100000
[generate-1d-mesh] INFO - Olufsen material parameter pressure: 1133240.000000
[generate-1d-mesh] INFO - Outflow bc file: trees/zerod_input/standard/tree_20/tree_20_flow_150
[generate-1d-mesh] INFO - Outflow bc type: ['resistance.dat']
[generate-1d-mesh] INFO - Outlet face names file: 'trees/zerod_input/standard/tree_20/tree_20_flow_150/outlet_face_names.dat'.
[generate-1d-mesh] INFO - Minimum number of sub-segments per master-segment: 1
[generate-1d-mesh] INFO - Sub-segment size in vessel master-segment: 9999
[generate-1d-mesh] INFO - Sub-segment size is adaptive: 0
[generate-1d-mesh] INFO - Save data frequency: 20
[generate-1d-mesh] INFO - Solver output file: solver_0d.json
[generate-1d-mesh] INFO - Simulation time step: 0.100000
[generate-1d-mesh] INFO - Uniform boundary conditions: False
[generate-1d-mesh] INFO - Units: cm
[generate-1d-mesh] INFO - Viscosity: 0.040000
[generate-1d-mesh] INFO - Wall properties are uniform.
[generate-1d-mesh] INFO - Read centerlines from the file: trees/geo_files/tree_20/tree_20_flow_150/centerlines/centerlines.vtp
[generate-1d-mesh] INFO -    Number of points: 8852 
[generate-1d-mesh] INFO -    Number of cells: 8851 
[generate-1d-mesh] INFO -    Number of arrays: 0
[generate-1d-mesh] INFO - Generate the 1D mesh ...
[generate-1d-mesh] INFO - Read model outlet face names from: trees/zerod_input/standard/tree_20/tree_20_flow_150/outlet_face_names.dat
[generate-1d-mesh] INFO - Number of model outlet faces names: 20
[generate-1d-mesh] INFO - Outlet face names: ['cap_6.vtp', 'cap_24.vtp', 'cap_18.vtp', 'cap_7.vtp', 'cap_5.vtp', 'cap_4.vtp', 'cap_23.vtp', 'cap_3.vtp', 'cap_21.vtp', 'cap_20.vtp', 'cap_11.vtp', 'cap_10.vtp', 'cap_12.vtp', 'cap_13.vtp', 'cap_9.vtp', 'cap_17.vtp', 'cap_16.vtp', 'cap_8.vtp', 'cap_14.vtp', 'cap_15.vtp']
[generate-1d-mesh] INFO - Number of centerline branches: 39
[generate-1d-mesh] INFO - Number of centerline bifurcations: 19
[generate-1d-mesh] INFO - Number of svOneDSolver branches: 79
[generate-1d-mesh] INFO - Number of svOneDSolver joints: 59
[generate-1d-mesh] INFO - Set variable outflow boundary conditions ...
[generate-1d-mesh] INFO - Surface cap_21.vtp boundary condition type resistance
[generate-1d-mesh] INFO - Surface cap_11.vtp boundary condition type resistance
[generate-1d-mesh] INFO - Surface cap_23.vtp boundary condition type resistance
[generate-1d-mesh] INFO - Surface cap_9.vtp boundary condition type resistance
[generate-1d-mesh] INFO - Surface cap_7.vtp boundary condition type resistance
[generate-1d-mesh] INFO - Surface cap_18.vtp boundary condition type resistance
[generate-1d-mesh] INFO - Surface cap_6.vtp boundary condition type resistance
[generate-1d-mesh] INFO - Surface cap_12.vtp boundary condition type resistance
[generate-1d-mesh] INFO - Surface cap_20.vtp boundary condition type resistance
[generate-1d-mesh] INFO - Surface cap_4.vtp boundary condition type resistance
[generate-1d-mesh] INFO - Surface cap_14.vtp boundary condition type resistance
[generate-1d-mesh] INFO - Surface cap_24.vtp boundary condition type resistance
[generate-1d-mesh] INFO - Surface cap_17.vtp boundary condition type resistance
[generate-1d-mesh] INFO - Surface cap_10.vtp boundary condition type resistance
[generate-1d-mesh] INFO - Surface cap_13.vtp boundary condition type resistance
[generate-1d-mesh] INFO - Surface cap_5.vtp boundary condition type resistance
[generate-1d-mesh] INFO - Surface cap_3.vtp boundary condition type resistance
[generate-1d-mesh] INFO - Surface cap_16.vtp boundary condition type resistance
[generate-1d-mesh] INFO - Surface cap_8.vtp boundary condition type resistance
[generate-1d-mesh] INFO - Surface cap_15.vtp boundary condition type resistance
[generate-1d-mesh] INFO - Read inflow BC ...
[generate-1d-mesh] INFO - Generated 79 segments, 1479 nodes and 79 elements.
